// Bun Snapshot v1, https://bun.sh/docs/test/snapshots

exports[`adaptFeed parsing ChristianWorldMedia feed (snapshot) 1`] = `
{
  "author": "Maranatha Sacramento RCOG",
  "cover": "https://assets.podcst.app/?p=https%3A%2F%2Fwww.christianworldmedia.com%2Fimages%2Fpodcast-artwork%2F474_poadcast-artwork_1507549367.png",
  "description": "Maranatha Sacramento RCOG Podcast",
  "episodes": [
    {
      "author": "Maranatha Sacramento RCOG",
      "cover": "https://assets.podcst.app/?p=https%3A%2F%2Fwww.christianworldmedia.com%2Fimages%2Fthumbs%2Fcstmthmb_474_1765225169.jpg",
      "duration": null,
      "episodeArt": "https://www.christianworldmedia.com/images/thumbs/cstmthmb_474_1765225169.jpg",
      "explicit": false,
      "file": {
        "length": 4459197663,
        "type": "audio/mpeg",
        "url": "https://s3.wasabisys.com/cwm-vod25/474_liverecording-rtmp_1765132038_1317_audio.mp3",
      },
      "guid": "https://s3.wasabisys.com/cwm-vod25/474_liverecording-rtmp_1765132038_1317_audio.mp3",
      "link": "https://s3.wasabisys.com/cwm-vod25/474_liverecording-rtmp_1765132038_1317_audio.mp3",
      "published": 1765094400000,
      "showNotes": "Welcome to our live webcast! California Time: 10:00am - 12:00pm Sunday Morning 6:00pm - 8pm Sunday Evening Ora Romaniei: 20:00 - 22:00 Duminica Seara 4:00 - 6:00 Luni Dimineata - Sunday, December 7, 2025",
      "summary": null,
      "title": "Part 2",
    },
    {
      "author": "Maranatha Sacramento RCOG",
      "cover": "https://assets.podcst.app/?p=https%3A%2F%2Fwww.christianworldmedia.com%2Fimages%2Fthumbs%2Fcstmthmb_474_1765225119.jpg",
      "duration": null,
      "episodeArt": "https://www.christianworldmedia.com/images/thumbs/cstmthmb_474_1765225119.jpg",
      "explicit": false,
      "file": {
        "length": 1363241411,
        "type": "audio/mpeg",
        "url": "https://s3.wasabisys.com/cwm-vod25/474_liverecording-rtmp_1765130123_9667_audio.mp3",
      },
      "guid": "https://s3.wasabisys.com/cwm-vod25/474_liverecording-rtmp_1765130123_9667_audio.mp3",
      "link": "https://s3.wasabisys.com/cwm-vod25/474_liverecording-rtmp_1765130123_9667_audio.mp3",
      "published": 1765094400000,
      "showNotes": "Sunday, December 7, 2025",
      "summary": null,
      "title": "Part 1",
    },
    {
      "author": "Maranatha Sacramento RCOG",
      "cover": "https://assets.podcst.app/?p=https%3A%2F%2Fwww.christianworldmedia.com%2Fimages%2Fthumbs%2Fcstmthmb_474_1759176692.jpg",
      "duration": null,
      "episodeArt": "https://www.christianworldmedia.com/images/thumbs/cstmthmb_474_1759176692.jpg",
      "explicit": false,
      "file": {
        "length": 3963653044,
        "type": "audio/mpeg",
        "url": "https://s3.wasabisys.com/cwm-vod25/474_0_572_1759115305_audio.mp3",
      },
      "guid": "https://s3.wasabisys.com/cwm-vod25/474_0_572_1759115305_audio.mp3",
      "link": "https://s3.wasabisys.com/cwm-vod25/474_0_572_1759115305_audio.mp3",
      "published": 1759046400000,
      "showNotes": "Sunday, September 28, 2025",
      "summary": null,
      "title": "Part 2",
    },
    {
      "author": "Maranatha Sacramento RCOG",
      "cover": "https://assets.podcst.app/?p=https%3A%2F%2Fwww.christianworldmedia.com%2Fimages%2Fthumbs%2Fcstmthmb_474_1759176732.jpg",
      "duration": null,
      "episodeArt": "https://www.christianworldmedia.com/images/thumbs/cstmthmb_474_1759176732.jpg",
      "explicit": false,
      "file": {
        "length": 1130933485,
        "type": "audio/mpeg",
        "url": "https://s3.wasabisys.com/cwm-vod25/474_liverecording-rtmp_1759107339_2998_audio.mp3",
      },
      "guid": "https://s3.wasabisys.com/cwm-vod25/474_liverecording-rtmp_1759107339_2998_audio.mp3",
      "link": "https://s3.wasabisys.com/cwm-vod25/474_liverecording-rtmp_1759107339_2998_audio.mp3",
      "published": 1759046400000,
      "showNotes": "Sunday, September 28, 2025",
      "summary": null,
      "title": "Part 1",
    },
    {
      "author": "Maranatha Sacramento RCOG",
      "cover": "https://assets.podcst.app/?p=https%3A%2F%2Fwww.christianworldmedia.com%2Fimages%2Fthumbs%2Fcstmthmb_474_1759142456.jpg",
      "duration": null,
      "episodeArt": "https://www.christianworldmedia.com/images/thumbs/cstmthmb_474_1759142456.jpg",
      "explicit": false,
      "file": {
        "length": 6437789298,
        "type": "audio/mpeg",
        "url": "https://s3.wasabisys.com/cwm-vod25/474_0_761_1759080921_audio.mp3",
      },
      "guid": "https://s3.wasabisys.com/cwm-vod25/474_0_761_1759080921_audio.mp3",
      "link": "https://s3.wasabisys.com/cwm-vod25/474_0_761_1759080921_audio.mp3",
      "published": 1759046400000,
      "showNotes": "Sunday, September 28, 2025",
      "summary": null,
      "title": "Saturday's Leaders Confrence 2025",
    },
    {
      "author": "Maranatha Sacramento RCOG",
      "cover": "https://assets.podcst.app/?p=https%3A%2F%2Fwww.christianworldmedia.com%2Fimages%2Fthumbs%2Fcstmthmb_474_1759053188.jpg",
      "duration": null,
      "episodeArt": "https://www.christianworldmedia.com/images/thumbs/cstmthmb_474_1759053188.jpg",
      "explicit": false,
      "file": {
        "length": 6350444653,
        "type": "audio/mpeg",
        "url": "https://s3.wasabisys.com/cwm-vod25/474_liverecording-rtmp_1758938227_1901_audio.mp3",
      },
      "guid": "https://s3.wasabisys.com/cwm-vod25/474_liverecording-rtmp_1758938227_1901_audio.mp3",
      "link": "https://s3.wasabisys.com/cwm-vod25/474_liverecording-rtmp_1758938227_1901_audio.mp3",
      "published": 1758873600000,
      "showNotes": "Friday, September 26, 2025",
      "summary": null,
      "title": "Friday's Leader Conference 2025",
    },
    {
      "author": "Maranatha Sacramento RCOG",
      "cover": "https://assets.podcst.app/?p=https%3A%2F%2Fwww.christianworldmedia.com%2Fimages%2Fthumbs%2Fcstmthmb_474_1712599862.jpg",
      "duration": null,
      "episodeArt": "https://www.christianworldmedia.com/images/thumbs/cstmthmb_474_1712599862.jpg",
      "explicit": false,
      "file": {
        "length": 6288364117,
        "type": "audio/mpeg",
        "url": "https://s3.wasabisys.com/cwm-vod25/474_0_462_1712522785_audio.mp3",
      },
      "guid": "https://s3.wasabisys.com/cwm-vod25/474_0_462_1712522785_audio.mp3",
      "link": "https://s3.wasabisys.com/cwm-vod25/474_0_462_1712522785_audio.mp3",
      "published": 1712476800000,
      "showNotes": "Sunday, April 7, 2024",
      "summary": null,
      "title": "Water Baptism April 2024",
    },
    {
      "author": "Maranatha Sacramento RCOG",
      "cover": "https://assets.podcst.app/?p=https%3A%2F%2Fwww.christianworldmedia.com%2Fimages%2Fthumbs%2Fcstmthmb_474_1665401320.jpg",
      "duration": null,
      "episodeArt": "https://www.christianworldmedia.com/images/thumbs/cstmthmb_474_1665401320.jpg",
      "explicit": false,
      "file": {
        "length": 5048129898,
        "type": "audio/mpeg",
        "url": "https://s3.wasabisys.com/cwm-vod25/474_liverecording-rtmp_1665194383_3635_audio.mp3",
      },
      "guid": "https://s3.wasabisys.com/cwm-vod25/474_liverecording-rtmp_1665194383_3635_audio.mp3",
      "link": "https://s3.wasabisys.com/cwm-vod25/474_liverecording-rtmp_1665194383_3635_audio.mp3",
      "published": 1665129600000,
      "showNotes": "Friday, October 7, 2022",
      "summary": null,
      "title": "Laurean Mihulet",
    },
    {
      "author": "Maranatha Sacramento RCOG",
      "cover": "https://assets.podcst.app/?p=https%3A%2F%2Fwww.christianworldmedia.com%2Fimages%2Fthumbs%2Fcstmthmb_474_1626632854.jpg",
      "duration": null,
      "episodeArt": "https://www.christianworldmedia.com/images/thumbs/cstmthmb_474_1626632854.jpg",
      "explicit": false,
      "file": {
        "length": 7128706579,
        "type": "audio/mpeg",
        "url": "https://s3.wasabisys.com/cwm-vod25/474_liverecording-rtmp_1625792157_8841_audio.mp3",
      },
      "guid": "https://s3.wasabisys.com/cwm-vod25/474_liverecording-rtmp_1625792157_8841_audio.mp3",
      "link": "https://s3.wasabisys.com/cwm-vod25/474_liverecording-rtmp_1625792157_8841_audio.mp3",
      "published": 1625731200000,
      "showNotes": "Thursday, July 8, 2021",
      "summary": null,
      "title": "George Hurduc Funeral",
    },
    {
      "author": "Maranatha Sacramento RCOG",
      "cover": "https://assets.podcst.app/?p=https%3A%2F%2Fwww.christianworldmedia.com%2Fimages%2Fthumbs%2Fcstmthmb_474_1610487726.jpg",
      "duration": null,
      "episodeArt": "https://www.christianworldmedia.com/images/thumbs/cstmthmb_474_1610487726.jpg",
      "explicit": false,
      "file": {
        "length": 1678922804,
        "type": "audio/mpeg",
        "url": "https://s3.wasabisys.com/cwm-vod25/474_0_658_1610377997_audio.mp3",
      },
      "guid": "https://s3.wasabisys.com/cwm-vod25/474_0_658_1610377997_audio.mp3",
      "link": "https://s3.wasabisys.com/cwm-vod25/474_0_658_1610377997_audio.mp3",
      "published": 1610352000000,
      "showNotes": "Monday, January 11, 2021",
      "summary": null,
      "title": "part 2",
    },
    {
      "author": "Maranatha Sacramento RCOG",
      "cover": "https://assets.podcst.app/?p=https%3A%2F%2Fwww.christianworldmedia.com%2Fimages%2Fthumbs%2Fcstmthmb_474_1610487646.jpg",
      "duration": null,
      "episodeArt": "https://www.christianworldmedia.com/images/thumbs/cstmthmb_474_1610487646.jpg",
      "explicit": false,
      "file": {
        "length": 7390750894,
        "type": "audio/mpeg",
        "url": "https://s3.wasabisys.com/cwm-vod25/474_liverecording-rtmp_1610301323_2372_audio.mp3",
      },
      "guid": "https://s3.wasabisys.com/cwm-vod25/474_liverecording-rtmp_1610301323_2372_audio.mp3",
      "link": "https://s3.wasabisys.com/cwm-vod25/474_liverecording-rtmp_1610301323_2372_audio.mp3",
      "published": 1610265600000,
      "showNotes": "Sunday, January 10, 2021",
      "summary": null,
      "title": "part 1",
    },
    {
      "author": "Maranatha Sacramento RCOG",
      "cover": "https://assets.podcst.app/?p=https%3A%2F%2Fwww.christianworldmedia.com%2Fimages%2Fthumbs%2Fcstmthmb_474_1608592693.jpg",
      "duration": null,
      "episodeArt": "https://www.christianworldmedia.com/images/thumbs/cstmthmb_474_1608592693.jpg",
      "explicit": false,
      "file": {
        "length": 1794167788,
        "type": "audio/mpeg",
        "url": "https://s3.wasabisys.com/cwm-vod25/474_liverecording-rtmp_1608490891_8927_audio.mp3",
      },
      "guid": "https://s3.wasabisys.com/cwm-vod25/474_liverecording-rtmp_1608490891_8927_audio.mp3",
      "link": "https://s3.wasabisys.com/cwm-vod25/474_liverecording-rtmp_1608490891_8927_audio.mp3",
      "published": 1608451200000,
      "showNotes": "Sunday, December 20, 2020",
      "summary": null,
      "title": "part 2",
    },
    {
      "author": "Maranatha Sacramento RCOG",
      "cover": "https://assets.podcst.app/?p=https%3A%2F%2Fwww.christianworldmedia.com%2Fimages%2Fthumbs%2Fcstmthmb_474_1608592721.jpg",
      "duration": null,
      "episodeArt": "https://www.christianworldmedia.com/images/thumbs/cstmthmb_474_1608592721.jpg",
      "explicit": false,
      "file": {
        "length": 1609066913,
        "type": "audio/mpeg",
        "url": "https://s3.wasabisys.com/cwm-vod25/474_liverecording-rtmp_1608487792_5002_audio.mp3",
      },
      "guid": "https://s3.wasabisys.com/cwm-vod25/474_liverecording-rtmp_1608487792_5002_audio.mp3",
      "link": "https://s3.wasabisys.com/cwm-vod25/474_liverecording-rtmp_1608487792_5002_audio.mp3",
      "published": 1608451200000,
      "showNotes": "Sunday, December 20, 2020",
      "summary": null,
      "title": "part 1",
    },
    {
      "author": "Maranatha Sacramento RCOG",
      "cover": "https://assets.podcst.app/?p=https%3A%2F%2Fwww.christianworldmedia.com%2Fimages%2Fthumbs%2Fcstmthmb_474_1607364659.jpg",
      "duration": null,
      "episodeArt": "https://www.christianworldmedia.com/images/thumbs/cstmthmb_474_1607364659.jpg",
      "explicit": false,
      "file": {
        "length": 1087142902,
        "type": "audio/mpeg",
        "url": "https://s3.wasabisys.com/cwm-vod25/474_liverecording-rtmp_1606706592_9606_audio.mp3",
      },
      "guid": "https://s3.wasabisys.com/cwm-vod25/474_liverecording-rtmp_1606706592_9606_audio.mp3",
      "link": "https://s3.wasabisys.com/cwm-vod25/474_liverecording-rtmp_1606706592_9606_audio.mp3",
      "published": 1606636800000,
      "showNotes": "Sunday, November 29, 2020",
      "summary": null,
      "title": "part 2",
    },
    {
      "author": "Maranatha Sacramento RCOG",
      "cover": "https://assets.podcst.app/?p=https%3A%2F%2Fwww.christianworldmedia.com%2Fimages%2Fthumbs%2Fcstmthmb_474_1606764651.jpg",
      "duration": null,
      "episodeArt": "https://www.christianworldmedia.com/images/thumbs/cstmthmb_474_1606764651.jpg",
      "explicit": false,
      "file": {
        "length": 2401295840,
        "type": "audio/mpeg",
        "url": "https://s3.wasabisys.com/cwm-vod25/474_liverecording-rtmp_1606701329_4808_audio.mp3",
      },
      "guid": "https://s3.wasabisys.com/cwm-vod25/474_liverecording-rtmp_1606701329_4808_audio.mp3",
      "link": "https://s3.wasabisys.com/cwm-vod25/474_liverecording-rtmp_1606701329_4808_audio.mp3",
      "published": 1606636800000,
      "showNotes": "Sunday, November 29, 2020",
      "summary": null,
      "title": "part 1",
    },
    {
      "author": "Maranatha Sacramento RCOG",
      "cover": "https://assets.podcst.app/?p=https%3A%2F%2Fwww.christianworldmedia.com%2Fimages%2Fthumbs%2Fcstmthmb_474_1588111685.jpg",
      "duration": null,
      "episodeArt": "https://www.christianworldmedia.com/images/thumbs/cstmthmb_474_1588111685.jpg",
      "explicit": false,
      "file": {
        "length": 2540022876,
        "type": "audio/mpeg",
        "url": "https://s3.wasabisys.com/cwm-vod25/474_0_583_1588021235_audio.mp3",
      },
      "guid": "https://s3.wasabisys.com/cwm-vod25/474_0_583_1588021235_audio.mp3",
      "link": "https://s3.wasabisys.com/cwm-vod25/474_0_583_1588021235_audio.mp3",
      "published": 1587974400000,
      "showNotes": "Monday, April 27, 2020",
      "summary": null,
      "title": "April 26 Service",
    },
    {
      "author": "Maranatha Sacramento RCOG",
      "cover": "https://assets.podcst.app/?p=https%3A%2F%2Fwww.christianworldmedia.com%2Fimages%2Fthumbs%2Fcstmthmb_474_1585655836.jpg",
      "duration": null,
      "episodeArt": "https://www.christianworldmedia.com/images/thumbs/cstmthmb_474_1585655836.jpg",
      "explicit": false,
      "file": {
        "length": 2359540508,
        "type": "audio/mpeg",
        "url": "https://s3.wasabisys.com/cwm-vod25/474_0_574_1585541235_audio.mp3",
      },
      "guid": "https://s3.wasabisys.com/cwm-vod25/474_0_574_1585541235_audio.mp3",
      "link": "https://s3.wasabisys.com/cwm-vod25/474_0_574_1585541235_audio.mp3",
      "published": 1585468800000,
      "showNotes": "Sunday, March 29, 2020",
      "summary": null,
      "title": "March 29 2020",
    },
    {
      "author": "Maranatha Sacramento RCOG",
      "cover": "https://assets.podcst.app/?p=https%3A%2F%2Fwww.christianworldmedia.com%2Fimages%2Fthumbs%2Fcstmthmb_474_1585085729.jpg",
      "duration": null,
      "episodeArt": "https://www.christianworldmedia.com/images/thumbs/cstmthmb_474_1585085729.jpg",
      "explicit": false,
      "file": {
        "length": 774973758,
        "type": "audio/mpeg",
        "url": "https://s3.wasabisys.com/cwm-vod25/474_0_880_1584972672_audio.mp3",
      },
      "guid": "https://s3.wasabisys.com/cwm-vod25/474_0_880_1584972672_audio.mp3",
      "link": "https://s3.wasabisys.com/cwm-vod25/474_0_880_1584972672_audio.mp3",
      "published": 1584950400000,
      "showNotes": "Monday, March 23, 2020",
      "summary": null,
      "title": "March 22 2020",
    },
    {
      "author": "Maranatha Sacramento RCOG",
      "cover": "https://assets.podcst.app/?p=https%3A%2F%2Fwww.christianworldmedia.com%2Fimages%2Fthumbs%2Fcstmthmb_474_1584394581.png",
      "duration": null,
      "episodeArt": "https://www.christianworldmedia.com/images/thumbs/cstmthmb_474_1584394581.png",
      "explicit": false,
      "file": {
        "length": 1131422331,
        "type": "audio/mpeg",
        "url": "https://s3.wasabisys.com/cwm-vod25/474_liverecording-rtmp_1584320262_9580_audio.mp3",
      },
      "guid": "https://s3.wasabisys.com/cwm-vod25/474_liverecording-rtmp_1584320262_9580_audio.mp3",
      "link": "https://s3.wasabisys.com/cwm-vod25/474_liverecording-rtmp_1584320262_9580_audio.mp3",
      "published": 1584259200000,
      "showNotes": "Sunday, March 15, 2020",
      "summary": null,
      "title": "March 15 2020 PM",
    },
    {
      "author": "Maranatha Sacramento RCOG",
      "cover": "https://assets.podcst.app/?p=https%3A%2F%2Fwww.christianworldmedia.com%2Fimages%2Fthumbs%2F227014_l.jpg",
      "duration": null,
      "episodeArt": "https://www.christianworldmedia.com/images/thumbs/227014_l.jpg",
      "explicit": false,
      "file": {
        "length": 1076945055,
        "type": "audio/mpeg",
        "url": "https://s3.wasabisys.com/cwm-vod25/474_liverecording-rtmp_1584291685_9846_audio.mp3",
      },
      "guid": "https://s3.wasabisys.com/cwm-vod25/474_liverecording-rtmp_1584291685_9846_audio.mp3",
      "link": "https://s3.wasabisys.com/cwm-vod25/474_liverecording-rtmp_1584291685_9846_audio.mp3",
      "published": 1584259200000,
      "showNotes": "Sunday, March 15, 2020",
      "summary": null,
      "title": "March 15 2020 AM",
    },
    {
      "author": "Maranatha Sacramento RCOG",
      "cover": "https://assets.podcst.app/?p=https%3A%2F%2Fwww.christianworldmedia.com%2Fimages%2Fthumbs%2F226354_l.jpg",
      "duration": null,
      "episodeArt": "https://www.christianworldmedia.com/images/thumbs/226354_l.jpg",
      "explicit": false,
      "file": {
        "length": 1148623058,
        "type": "audio/mpeg",
        "url": "https://s3.wasabisys.com/cwm-vod25/474_liverecording-rtmp_1583715712_3169_audio.mp3",
      },
      "guid": "https://s3.wasabisys.com/cwm-vod25/474_liverecording-rtmp_1583715712_3169_audio.mp3",
      "link": "https://s3.wasabisys.com/cwm-vod25/474_liverecording-rtmp_1583715712_3169_audio.mp3",
      "published": 1583654400000,
      "showNotes": "Sunday, March 8, 2020",
      "summary": null,
      "title": "March 8 2020 PM",
    },
    {
      "author": "Maranatha Sacramento RCOG",
      "cover": "https://assets.podcst.app/?p=https%3A%2F%2Fwww.christianworldmedia.com%2Fimages%2Fthumbs%2Fcstmthmb_474_1583776629.png",
      "duration": null,
      "episodeArt": "https://www.christianworldmedia.com/images/thumbs/cstmthmb_474_1583776629.png",
      "explicit": false,
      "file": {
        "length": 1043696636,
        "type": "audio/mpeg",
        "url": "https://s3.wasabisys.com/cwm-vod25/474_liverecording-rtmp_1583686899_4398_audio.mp3",
      },
      "guid": "https://s3.wasabisys.com/cwm-vod25/474_liverecording-rtmp_1583686899_4398_audio.mp3",
      "link": "https://s3.wasabisys.com/cwm-vod25/474_liverecording-rtmp_1583686899_4398_audio.mp3",
      "published": 1583654400000,
      "showNotes": "Sunday, March 8, 2020",
      "summary": null,
      "title": "March 8 2020 AM",
    },
    {
      "author": "Maranatha Sacramento RCOG",
      "cover": "https://assets.podcst.app/?p=https%3A%2F%2Fwww.christianworldmedia.com%2Fimages%2Fthumbs%2Fcstmthmb_474_1583272933.png",
      "duration": null,
      "episodeArt": "https://www.christianworldmedia.com/images/thumbs/cstmthmb_474_1583272933.png",
      "explicit": false,
      "file": {
        "length": 282966003,
        "type": "audio/mpeg",
        "url": "https://s3.wasabisys.com/cwm-vod25/474_0_645_1583214560_audio.mp3",
      },
      "guid": "https://s3.wasabisys.com/cwm-vod25/474_0_645_1583214560_audio.mp3",
      "link": "https://s3.wasabisys.com/cwm-vod25/474_0_645_1583214560_audio.mp3",
      "published": 1583136000000,
      "showNotes": "Monday, March 2, 2020",
      "summary": null,
      "title": "March 1 2020 PM",
    },
    {
      "author": "Maranatha Sacramento RCOG",
      "cover": "https://assets.podcst.app/?p=https%3A%2F%2Fwww.christianworldmedia.com%2Fimages%2Fthumbs%2F225582_l.jpg",
      "duration": null,
      "episodeArt": "https://www.christianworldmedia.com/images/thumbs/225582_l.jpg",
      "explicit": false,
      "file": {
        "length": 1078777454,
        "type": "audio/mpeg",
        "url": "https://s3.wasabisys.com/cwm-vod25/474_liverecording-rtmp_1583085575_3012_audio.mp3",
      },
      "guid": "https://s3.wasabisys.com/cwm-vod25/474_liverecording-rtmp_1583085575_3012_audio.mp3",
      "link": "https://s3.wasabisys.com/cwm-vod25/474_liverecording-rtmp_1583085575_3012_audio.mp3",
      "published": 1583049600000,
      "showNotes": "Sunday, March 1, 2020",
      "summary": null,
      "title": "March 1 2020 AM",
    },
    {
      "author": "Maranatha Sacramento RCOG",
      "cover": "https://assets.podcst.app/?p=https%3A%2F%2Fwww.christianworldmedia.com%2Fimages%2Fthumbs%2Fcstmthmb_474_1582578255.png",
      "duration": null,
      "episodeArt": "https://www.christianworldmedia.com/images/thumbs/cstmthmb_474_1582578255.png",
      "explicit": false,
      "file": {
        "length": 1134817918,
        "type": "audio/mpeg",
        "url": "https://s3.wasabisys.com/cwm-vod25/474_liverecording-rtmp_1582509714_8030_audio.mp3",
      },
      "guid": "https://s3.wasabisys.com/cwm-vod25/474_liverecording-rtmp_1582509714_8030_audio.mp3",
      "link": "https://s3.wasabisys.com/cwm-vod25/474_liverecording-rtmp_1582509714_8030_audio.mp3",
      "published": 1582444800000,
      "showNotes": "Sunday, February 23, 2020",
      "summary": null,
      "title": "February 23 2020 PM",
    },
    {
      "author": "Maranatha Sacramento RCOG",
      "cover": "https://assets.podcst.app/?p=https%3A%2F%2Fwww.christianworldmedia.com%2Fimages%2Fthumbs%2F224340_l.jpg",
      "duration": null,
      "episodeArt": "https://www.christianworldmedia.com/images/thumbs/224340_l.jpg",
      "explicit": false,
      "file": {
        "length": 339278417,
        "type": "audio/mpeg",
        "url": "https://s3.wasabisys.com/cwm-vod25/474_0_976_1581965106_audio.mp3",
      },
      "guid": "https://s3.wasabisys.com/cwm-vod25/474_0_976_1581965106_audio.mp3",
      "link": "https://s3.wasabisys.com/cwm-vod25/474_0_976_1581965106_audio.mp3",
      "published": 1581926400000,
      "showNotes": "Monday, February 17, 2020",
      "summary": null,
      "title": "February 16 2020 PM",
    },
    {
      "author": "Maranatha Sacramento RCOG",
      "cover": "https://assets.podcst.app/?p=https%3A%2F%2Fwww.christianworldmedia.com%2Fimages%2Fthumbs%2Fcstmthmb_474_1581976974.png",
      "duration": null,
      "episodeArt": "https://www.christianworldmedia.com/images/thumbs/cstmthmb_474_1581976974.png",
      "explicit": false,
      "file": {
        "length": 1061138852,
        "type": "audio/mpeg",
        "url": "https://s3.wasabisys.com/cwm-vod25/474_0_592_1581900658_audio.mp3",
      },
      "guid": "https://s3.wasabisys.com/cwm-vod25/474_0_592_1581900658_audio.mp3",
      "link": "https://s3.wasabisys.com/cwm-vod25/474_0_592_1581900658_audio.mp3",
      "published": 1581840000000,
      "showNotes": "Sunday, February 16, 2020",
      "summary": null,
      "title": "February 16 2020 AM",
    },
    {
      "author": "Maranatha Sacramento RCOG",
      "cover": "https://assets.podcst.app/?p=https%3A%2F%2Fwww.christianworldmedia.com%2Fimages%2Fthumbs%2Fcstmthmb_474_1581366650.png",
      "duration": null,
      "episodeArt": "https://www.christianworldmedia.com/images/thumbs/cstmthmb_474_1581366650.png",
      "explicit": false,
      "file": {
        "length": 1089097072,
        "type": "audio/mpeg",
        "url": "https://s3.wasabisys.com/cwm-vod25/474_liverecording-rtmp_1581300002_1530_audio.mp3",
      },
      "guid": "https://s3.wasabisys.com/cwm-vod25/474_liverecording-rtmp_1581300002_1530_audio.mp3",
      "link": "https://s3.wasabisys.com/cwm-vod25/474_liverecording-rtmp_1581300002_1530_audio.mp3",
      "published": 1581235200000,
      "showNotes": "Sunday, February 9, 2020",
      "summary": null,
      "title": "February 9 2020 PM",
    },
    {
      "author": "Maranatha Sacramento RCOG",
      "cover": "https://assets.podcst.app/?p=https%3A%2F%2Fwww.christianworldmedia.com%2Fimages%2Fthumbs%2Fcstmthmb_474_1581366590.png",
      "duration": null,
      "episodeArt": "https://www.christianworldmedia.com/images/thumbs/cstmthmb_474_1581366590.png",
      "explicit": false,
      "file": {
        "length": 1043096912,
        "type": "audio/mpeg",
        "url": "https://s3.wasabisys.com/cwm-vod25/474_liverecording-rtmp_1581271253_3515_audio.mp3",
      },
      "guid": "https://s3.wasabisys.com/cwm-vod25/474_liverecording-rtmp_1581271253_3515_audio.mp3",
      "link": "https://s3.wasabisys.com/cwm-vod25/474_liverecording-rtmp_1581271253_3515_audio.mp3",
      "published": 1581235200000,
      "showNotes": "Sunday, February 9, 2020",
      "summary": null,
      "title": "February 9 2020 AM",
    },
    {
      "author": "Maranatha Sacramento RCOG",
      "cover": "https://assets.podcst.app/?p=https%3A%2F%2Fwww.christianworldmedia.com%2Fimages%2Fthumbs%2Fcstmthmb_474_1580760819.png",
      "duration": null,
      "episodeArt": "https://www.christianworldmedia.com/images/thumbs/cstmthmb_474_1580760819.png",
      "explicit": false,
      "file": {
        "length": 1001070792,
        "type": "audio/mpeg",
        "url": "https://s3.wasabisys.com/cwm-vod25/474_liverecording-rtmp_1580695305_3735_audio.mp3",
      },
      "guid": "https://s3.wasabisys.com/cwm-vod25/474_liverecording-rtmp_1580695305_3735_audio.mp3",
      "link": "https://s3.wasabisys.com/cwm-vod25/474_liverecording-rtmp_1580695305_3735_audio.mp3",
      "published": 1580630400000,
      "showNotes": "Sunday, February 2, 2020",
      "summary": null,
      "title": "February 2 2020 PM",
    },
    {
      "author": "Maranatha Sacramento RCOG",
      "cover": "https://assets.podcst.app/?p=https%3A%2F%2Fwww.christianworldmedia.com%2Fimages%2Fthumbs%2F222835_l.jpg",
      "duration": null,
      "episodeArt": "https://www.christianworldmedia.com/images/thumbs/222835_l.jpg",
      "explicit": false,
      "file": {
        "length": 1019622551,
        "type": "audio/mpeg",
        "url": "https://s3.wasabisys.com/cwm-vod25/474_liverecording-rtmp_1580666435_8450_audio.mp3",
      },
      "guid": "https://s3.wasabisys.com/cwm-vod25/474_liverecording-rtmp_1580666435_8450_audio.mp3",
      "link": "https://s3.wasabisys.com/cwm-vod25/474_liverecording-rtmp_1580666435_8450_audio.mp3",
      "published": 1580630400000,
      "showNotes": "Sunday, February 2, 2020",
      "summary": null,
      "title": "February 2 2020 AM",
    },
    {
      "author": "Maranatha Sacramento RCOG",
      "cover": "https://assets.podcst.app/?p=https%3A%2F%2Fwww.christianworldmedia.com%2Fimages%2Fthumbs%2Fcstmthmb_474_1580155285.png",
      "duration": null,
      "episodeArt": "https://www.christianworldmedia.com/images/thumbs/cstmthmb_474_1580155285.png",
      "explicit": false,
      "file": {
        "length": 917642918,
        "type": "audio/mpeg",
        "url": "https://s3.wasabisys.com/cwm-vod25/474_liverecording-rtmp_1580090449_4052_audio.mp3",
      },
      "guid": "https://s3.wasabisys.com/cwm-vod25/474_liverecording-rtmp_1580090449_4052_audio.mp3",
      "link": "https://s3.wasabisys.com/cwm-vod25/474_liverecording-rtmp_1580090449_4052_audio.mp3",
      "published": 1580025600000,
      "showNotes": "Sunday, January 26, 2020",
      "summary": null,
      "title": "January 26 2020 PM",
    },
    {
      "author": "Maranatha Sacramento RCOG",
      "cover": "https://assets.podcst.app/?p=https%3A%2F%2Fwww.christianworldmedia.com%2Fimages%2Fthumbs%2Fcstmthmb_474_1580154786.png",
      "duration": null,
      "episodeArt": "https://www.christianworldmedia.com/images/thumbs/cstmthmb_474_1580154786.png",
      "explicit": false,
      "file": {
        "length": 969094362,
        "type": "audio/mpeg",
        "url": "https://s3.wasabisys.com/cwm-vod25/474_liverecording-rtmp_1580061864_6280_audio.mp3",
      },
      "guid": "https://s3.wasabisys.com/cwm-vod25/474_liverecording-rtmp_1580061864_6280_audio.mp3",
      "link": "https://s3.wasabisys.com/cwm-vod25/474_liverecording-rtmp_1580061864_6280_audio.mp3",
      "published": 1580025600000,
      "showNotes": "Sunday, January 26, 2020",
      "summary": null,
      "title": "January 26 2020 AM",
    },
    {
      "author": "Maranatha Sacramento RCOG",
      "cover": "https://assets.podcst.app/?p=https%3A%2F%2Fwww.christianworldmedia.com%2Fimages%2Fthumbs%2Fcstmthmb_474_1579551424.png",
      "duration": null,
      "episodeArt": "https://www.christianworldmedia.com/images/thumbs/cstmthmb_474_1579551424.png",
      "explicit": false,
      "file": {
        "length": 1048838868,
        "type": "audio/mpeg",
        "url": "https://s3.wasabisys.com/cwm-vod25/474_liverecording-rtmp_1579485760_8492_audio.mp3",
      },
      "guid": "https://s3.wasabisys.com/cwm-vod25/474_liverecording-rtmp_1579485760_8492_audio.mp3",
      "link": "https://s3.wasabisys.com/cwm-vod25/474_liverecording-rtmp_1579485760_8492_audio.mp3",
      "published": 1579420800000,
      "showNotes": "Sunday, January 19, 2020",
      "summary": null,
      "title": "January 19 2020 PM",
    },
    {
      "author": "Maranatha Sacramento RCOG",
      "cover": "https://assets.podcst.app/?p=https%3A%2F%2Fwww.christianworldmedia.com%2Fimages%2Fthumbs%2Fcstmthmb_474_1579542316.png",
      "duration": null,
      "episodeArt": "https://www.christianworldmedia.com/images/thumbs/cstmthmb_474_1579542316.png",
      "explicit": false,
      "file": {
        "length": 1008225108,
        "type": "audio/mpeg",
        "url": "https://s3.wasabisys.com/cwm-vod25/474_liverecording-rtmp_1579456810_5533_audio.mp3",
      },
      "guid": "https://s3.wasabisys.com/cwm-vod25/474_liverecording-rtmp_1579456810_5533_audio.mp3",
      "link": "https://s3.wasabisys.com/cwm-vod25/474_liverecording-rtmp_1579456810_5533_audio.mp3",
      "published": 1579420800000,
      "showNotes": "Sunday, January 19, 2020",
      "summary": null,
      "title": "January 19 2020 AM",
    },
    {
      "author": "Maranatha Sacramento RCOG",
      "cover": "https://assets.podcst.app/?p=https%3A%2F%2Fwww.christianworldmedia.com%2Fimages%2Fthumbs%2F220628_l.jpg",
      "duration": null,
      "episodeArt": "https://www.christianworldmedia.com/images/thumbs/220628_l.jpg",
      "explicit": false,
      "file": {
        "length": 1065075876,
        "type": "audio/mpeg",
        "url": "https://s3.wasabisys.com/cwm-vod25/474_liverecording-rtmp_1578880965_7728_audio.mp3",
      },
      "guid": "https://s3.wasabisys.com/cwm-vod25/474_liverecording-rtmp_1578880965_7728_audio.mp3",
      "link": "https://s3.wasabisys.com/cwm-vod25/474_liverecording-rtmp_1578880965_7728_audio.mp3",
      "published": 1578816000000,
      "showNotes": "Sunday, January 12, 2020",
      "summary": null,
      "title": "January 12 2020 PM",
    },
  ],
  "explicit": false,
  "keywords": [],
  "link": "https://www.christianworldmedia.com/livechannel/mrcogsacramento",
  "published": null,
  "title": "Maranatha Sacramento RCOG Podcast",
}
`;
